[20:39:53] [ServerMain/INFO]: Environment: authHost='https://authserver.mojang.com', accountsHost='https://api.mojang.com', sessionHost='https://sessionserver.mojang.com', servicesHost='https://api.minecraftservices.com', name='PROD'
[20:39:55] [ServerMain/INFO]: Loaded 7 recipes
[20:39:55] [ServerMain/INFO]: Loaded 1271 advancements
[20:39:56] [Server thread/INFO]: Starting minecraft server version 1.20.1
[20:39:56] [Server thread/INFO]: Loading properties
[20:39:56] [Server thread/INFO]: Default game type: SURVIVAL
[20:39:56] [Server thread/INFO]: Generating keypair
[20:39:56] [Server thread/INFO]: Starting Minecraft server on *:25565
[20:39:56] [Server thread/INFO]: Using default channel type
[20:39:56] [Server thread/WARN]: **** SERVER IS RUNNING IN OFFLINE/INSECURE MODE!
[20:39:56] [Server thread/WARN]: The server will make no attempt to authenticate usernames. Beware.
[20:39:56] [Server thread/WARN]: While this makes the game possible to play without internet access, it also opens up the ability for hackers to connect with any username they choose.
[20:39:56] [Server thread/WARN]: To change this, set "online-mode" to "true" in the server.properties file.
[20:39:56] [Server thread/INFO]: Preparing level "world"
[20:39:58] [Server thread/INFO]: Preparing start region for dimension minecraft:overworld
[20:40:01] [Worker-Main-3/INFO]: Preparing spawn area: 0%
[20:40:01] [Worker-Main-5/INFO]: Preparing spawn area: 0%
[20:40:01] [Worker-Main-1/INFO]: Preparing spawn area: 0%
[20:40:01] [Worker-Main-7/INFO]: Preparing spawn area: 0%
[20:40:01] [Worker-Main-7/INFO]: Preparing spawn area: 0%
[20:40:01] [Worker-Main-7/INFO]: Preparing spawn area: 0%
[20:40:01] [Worker-Main-4/INFO]: Preparing spawn area: 0%
[20:40:01] [Worker-Main-7/INFO]: Preparing spawn area: 0%
[20:40:02] [Worker-Main-4/INFO]: Preparing spawn area: 0%
[20:40:02] [Worker-Main-6/INFO]: Preparing spawn area: 7%
[20:40:03] [Worker-Main-6/INFO]: Preparing spawn area: 69%
[20:40:03] [Server thread/INFO]: Time elapsed: 5288 ms
[20:40:03] [Server thread/INFO]: Done (6.717s)! For help, type "help"
[20:41:15] [Server thread/INFO]: adip[/[0:0:0:0:0:0:0:1]:58980] logged in with entity id 372 at (1245.571286742693, 70.5625, -1543.4490219571903)
[20:41:15] [Server thread/INFO]: adip joined the game
[20:41:52] [Server thread/INFO]: adip lost connection: Timed out
[20:41:52] [Server thread/INFO]: adip left the game
